// Jest Snapshot v1, https://goo.gl/fbAQLP

exports[`<NftDetails /> should display the correct NFT information 1`] = `
<div
  id="bg"
  onClick={[Function]}
>
  <div>
    <div>
      <svg
        aria-hidden={true}
        className="MuiSvgIcon-root MuiSvgIcon-fontSizeMedium css-i4bv87-MuiSvgIcon-root"
        data-testid="CloseIcon"
        focusable="false"
        viewBox="0 0 24 24"
      >
        <path
          d="M19 6.41 17.59 5 12 10.59 6.41 5 5 6.41 10.59 12 5 17.59 6.41 19 12 13.41 17.59 19 19 17.59 13.41 12z"
        />
      </svg>
    </div>
    <div>
      <img
        alt="nft"
        src="https://lh3.googleusercontent.com/j2tpXbSVHCzhtM2betJkxxlug7Y2i7yC9fyPPiJCTIBqxpU4VxsGk7Osw04lt8TetpSOp2uamKE_Ppy1fC_2cr8"
      />
      <div>
        <div>
          <a
            href="https://opensea.io/collection/CryptoKitties"
            rel="noopener noreferrer"
            target="_blank"
          >
            CryptoKitties
          </a>
          <div>
            Savannah R1-R3, Sly R1
          </div>
        </div>
        <div>
          <a
            href="https://opensea.io/assets/0x06012c8cf97bead5deae237070f9587f8e7a266d/492809"
            rel="noopener noreferrer"
            target="_blank"
          >
            <div>
              <img
                alt="eth"
                src="/images/eth.png"
              />
              <div>
                 - 
              </div>
              <div />
              <div>
                <img
                  alt=""
                  src="/images/opensea.png"
                />
              </div>
            </div>
          </a>
        </div>
      </div>
      <div
        onClick={[Function]}
      >
        Set as profile picture
      </div>
      <div>
        <div>
          <div>
            mouth
            :
          </div>
          <div>
            soserious
          </div>
          <div>
            NaN% have this trait
          </div>
        </div>
        <div>
          <div>
            pattern
            :
          </div>
          <div>
            spangled
          </div>
          <div>
            NaN% have this trait
          </div>
        </div>
        <div>
          <div>
            virginity
            :
          </div>
          <div>
            non-virgin
          </div>
          <div>
            NaN% have this trait
          </div>
        </div>
        <div>
          <div>
            fur
            :
          </div>
          <div>
            selkirk
          </div>
          <div>
            NaN% have this trait
          </div>
        </div>
        <div>
          <div>
            eye_colour
            :
          </div>
          <div>
            sapphire
          </div>
          <div>
            NaN% have this trait
          </div>
        </div>
        <div>
          <div>
            accent_colour
            :
          </div>
          <div>
            icy
          </div>
          <div>
            NaN% have this trait
          </div>
        </div>
        <div>
          <div>
            highlight_colour
            :
          </div>
          <div>
            coffee
          </div>
          <div>
            NaN% have this trait
          </div>
        </div>
        <div>
          <div>
            cooldown_timer
            :
          </div>
          <div>
            Catatonic (1 week)
          </div>
          <div>
            NaN% have this trait
          </div>
        </div>
        <div>
          <div>
            eye_shape
            :
          </div>
          <div>
            chronic
          </div>
          <div>
            NaN% have this trait
          </div>
        </div>
        <div>
          <div>
            base_colour
            :
          </div>
          <div>
            mauveover
          </div>
          <div>
            NaN% have this trait
          </div>
        </div>
        <div>
          <div>
            generation
            :
          </div>
          <div>
            0
          </div>
          <div>
            NaN% have this trait
          </div>
        </div>
        <div>
          <div>
            purrstige
            :
          </div>
          <div>
            pu12
          </div>
          <div>
            NaN% have this trait
          </div>
        </div>
        <div>
          <div>
            secret
            :
          </div>
          <div>
            se6
          </div>
          <div>
            NaN% have this trait
          </div>
        </div>
      </div>
    </div>
  </div>
</div>
`;
