// Jest Snapshot v1, https://goo.gl/fbAQLP

exports[`<NftDetails /> should display the correct NFT information 1`] = `
<div
  id="bg"
  onClick={[Function]}
>
  <div>
    <div
      onClick={[Function]}
    >
      <svg
        className="h-6 w-6"
        fill="none"
        stroke="currentColor"
        strokeWidth={3}
        viewBox="0 0 24 24"
        xmlns="http://www.w3.org/2000/svg"
      >
        <path
          d="M6 18L18 6M6 6l12 12"
          strokeLinecap="round"
          strokeLinejoin="round"
        />
      </svg>
    </div>
    <div>
      <img
        alt="nft"
        src="https://lh3.googleusercontent.com/j2tpXbSVHCzhtM2betJkxxlug7Y2i7yC9fyPPiJCTIBqxpU4VxsGk7Osw04lt8TetpSOp2uamKE_Ppy1fC_2cr8"
      />
      <div>
        <div>
          <a
            href="/market/CryptoKitties"
          >
            CryptoKitties
          </a>
          <div>
            Savannah R1-R3, Sly R1
          </div>
        </div>
        <div>
          <a
            href="https://opensea.io/assets/0x06012c8cf97bead5deae237070f9587f8e7a266d/492809"
            rel="noopener noreferrer"
            target="_blank"
          >
            <div>
              <img
                alt="eth"
                src="/images/eth.png"
              />
              <div>
                 - 
              </div>
              <div />
              <div>
                <img
                  alt=""
                  src="/images/opensea.png"
                />
              </div>
            </div>
          </a>
          Value: - eth
        </div>
      </div>
      <div
        onClick={[Function]}
      >
        Set as profile picture
      </div>
      <div>
        <div>
          <div>
            MOUTH
          </div>
          <div>
            soserious
          </div>
          <div>
            NaN% have this trait
          </div>
        </div>
        <div>
          <div>
            PATTERN
          </div>
          <div>
            spangled
          </div>
          <div>
            NaN% have this trait
          </div>
        </div>
        <div>
          <div>
            VIRGINITY
          </div>
          <div>
            non-virgin
          </div>
          <div>
            NaN% have this trait
          </div>
        </div>
        <div>
          <div>
            FUR
          </div>
          <div>
            selkirk
          </div>
          <div>
            NaN% have this trait
          </div>
        </div>
        <div>
          <div>
            EYE_COLOUR
          </div>
          <div>
            sapphire
          </div>
          <div>
            NaN% have this trait
          </div>
        </div>
        <div>
          <div>
            ACCENT_COLOUR
          </div>
          <div>
            icy
          </div>
          <div>
            NaN% have this trait
          </div>
        </div>
        <div>
          <div>
            HIGHLIGHT_COLOUR
          </div>
          <div>
            coffee
          </div>
          <div>
            NaN% have this trait
          </div>
        </div>
        <div>
          <div>
            COOLDOWN_TIMER
          </div>
          <div>
            Catatonic (1 week)
          </div>
          <div>
            NaN% have this trait
          </div>
        </div>
        <div>
          <div>
            EYE_SHAPE
          </div>
          <div>
            chronic
          </div>
          <div>
            NaN% have this trait
          </div>
        </div>
        <div>
          <div>
            BASE_COLOUR
          </div>
          <div>
            mauveover
          </div>
          <div>
            NaN% have this trait
          </div>
        </div>
        <div>
          <div>
            GENERATION
          </div>
          <div>
            0
          </div>
          <div>
            NaN% have this trait
          </div>
        </div>
        <div>
          <div>
            PURRSTIGE
          </div>
          <div>
            pu12
          </div>
          <div>
            NaN% have this trait
          </div>
        </div>
        <div>
          <div>
            SECRET
          </div>
          <div>
            se6
          </div>
          <div>
            NaN% have this trait
          </div>
        </div>
      </div>
    </div>
  </div>
</div>
`;
