// Jest Snapshot v1, https://goo.gl/fbAQLP

exports[`ViewerProfileInfos renders correctly 1`] = `
<div>
  <div>
    <img
      alt="Avatar"
      src="./icons/icon-192x192.png"
    />
  </div>
  <div>
    <div>
      A username
    </div>
  </div>
  <div>
    Here is a description
  </div>
  <div>
    NETWORTH:420 eth
  </div>
</div>
`;
