// Jest Snapshot v1, https://goo.gl/fbAQLP

exports[`renders correctly 1`] = `
<main>
  <div>
    <div
      className="w-full top-0 text-black bg-instagram"
      id="header"
    >
      <div
        className="w-full h-full py-2"
      >
        <div
          className="grid grid-cols-6 justify-center"
        >
          <div
            className="col-start-1 col-span-1 px-2"
          >
            <div
              className=""
              id="backButton"
              onClick={[Function]}
            >
              <svg
                className="h-6 w-6"
                fill="none"
                stroke="currentColor"
                viewBox="0 0 24 24"
                xmlns="http://www.w3.org/2000/svg"
              >
                <path
                  d="M15 19l-7-7 7-7"
                  strokeLinecap="round"
                  strokeLinejoin="round"
                  strokeWidth="2"
                />
              </svg>
            </div>
          </div>
          <div
            className="col-start-2 col-span-4 text-center m-auto"
          >
            <span
              className="toggleColour text-black no-underline hover:no-underline font-bold text-xl"
            >
              Forgot your password
            </span>
          </div>
        </div>
      </div>
    </div>
    <div>
      <div
        className="flex xl:text-xl flex-col mx-12 "
      >
        <div
          className="flex flex-col mt-8"
        >
          <div
            className="flex justify-center mx-auto"
          >
            <div
              className=""
            >
              <p
                className="text-brown text-3xl float-right mx-2 "
              >
                ●
              </p>
            </div>
            <div
              className=""
            >
              <p
                className="text-gray-500 text-3xl float-left mx-2"
              >
                ●
              </p>
              <p
                className="text-gray-500 text-3xl float-left mx-2"
              >
                ●
              </p>
            </div>
          </div>
          <div
            className="flex flex-col mt-4"
          >
            <p
              className="text-black text-lg text-center"
            >
              Enter your recovery email or phone number
            </p>
          </div>
        </div>
        <div
          className="flex xl:text-xl flex-col mt-12"
        >
          <div
            className="w-full relative h-12"
          >
            <input
              className="w-full h-full text-gray-800 leading-normal shadow-none outline-none focus:outline-none focus:ring-0 focus:text-gray-800 px-3 pt-3.5 pb-2.5 mt-input-outline-brown-500 border-gray-300 mt-input-outline bg-transparent border border-1 border-gray-300 rounded-lg focus:border-2 focus:border-brown-500 undefined undefined"
              id="email"
              placeholder=" "
              required={true}
              type="email"
            />
            <label
              className="text-gray-400 absolute left-0 -top-1.5 w-full h-full false border-gray-300 pointer-events-none flex false leading-10 transition-all duration-300"
            >
              Phone number or email
            </label>
          </div>
        </div>
        <button
          className="relative text-lg text-center whitespace-nowrap bg-brown text-white rounded-lg w-full px-4 py-2 mt-8"
          onClick={[Function]}
        >
          Send recovery email/text
        </button>
      </div>
    </div>
  </div>
</main>
`;
