// Jest Snapshot v1, https://goo.gl/fbAQLP

exports[`renders correctly 1`] = `
<main>
  <div>
    <div
      id="header"
    >
      <div
        id="backButton"
        onClick={[Function]}
      >
        <svg
          fill="none"
          stroke="currentColor"
          viewBox="0 0 24 24"
          xmlns="http://www.w3.org/2000/svg"
        >
          <path
            d="M15 19l-7-7 7-7"
            strokeLinecap="round"
            strokeLinejoin="round"
            strokeWidth="2"
          />
        </svg>
      </div>
      <div>
        Forgot your password
      </div>
    </div>
    <div>
      <div>
        <div>
          <div>
            <p>
              ●
            </p>
            <p>
              ●
            </p>
            <p>
              ●
            </p>
          </div>
          <div>
            Enter your recovery email or phone number
          </div>
        </div>
        <div>
          <div
            className="MuiInputBase-root MuiInput-root MuiInput-underline MuiInputBase-colorPrimary css-1tcs2i1-MuiInputBase-root-MuiInput-root"
            onClick={[Function]}
            required={true}
          >
            <input
              className="MuiInputBase-input MuiInput-input css-1x51dt5-MuiInputBase-input-MuiInput-input"
              id="email"
              onAnimationStart={[Function]}
              onBlur={[Function]}
              onChange={[Function]}
              onFocus={[Function]}
              placeholder="Phone number or email"
              required={true}
              type="email"
            />
          </div>
        </div>
        <button
          onClick={[Function]}
        >
          Send recovery email/text
        </button>
      </div>
    </div>
  </div>
</main>
`;
