// Jest Snapshot v1, https://goo.gl/fbAQLP

exports[`<Profile /> Profile renders correctly 1`] = `
<div>
  <div>
    <div>
      <a
        onClick={[Function]}
        target="_blank"
      >
        <img
          src="/icons/back_icon.png"
        />
      </a>
      <div>
        test
      </div>
      <div
        onClick={[Function]}
      >
        <img
          src="icons/menu_icon.png"
        />
      </div>
    </div>
    <div>
      <div>
        <img
          alt="Avatar"
          src="./icons/icon-192x192.png"
        />
      </div>
      <div>
        <div>
          turcotte
        </div>
      </div>
      <div>
        Je vais a MTL pour chercher un bike
      </div>
      <div>
        NETWORTH:undefined eth
      </div>
    </div>
    <div>
      <div>
        <div>
          <div
            onClick={[Function]}
          >
            <div />
          </div>
          <div>
            CryptoKitties
          </div>
          <div>
            
          </div>
        </div>
      </div>
    </div>
    <div
      id="footer"
    >
      <a
        href="/market"
      >
        <img
          src="/icons/market_overview_icon.png"
        />
      </a>
      <a>
        <img
          src="/icons/research_icon.png"
        />
      </a>
      <a>
        <img
          src="/icons/notification_icon.png"
        />
      </a>
      <a
        href="/"
      >
        <img
          src="/icons/profile_icon.png"
        />
      </a>
    </div>
  </div>
</div>
`;
