// Jest Snapshot v1, https://goo.gl/fbAQLP

exports[`renders correctly 1`] = `
<div
  className="bg-instagram"
>
  <div>
    <title>
      A title
    </title>
    <link
      href="/favicon.ico"
      rel="icon"
    />
  </div>
  <main
    className="container mx-auto max-w-xl min-h-screen"
  >
    A children
  </main>
</div>
`;
