// Jest Snapshot v1, https://goo.gl/fbAQLP

exports[`renders correctly 1`] = `
<div
  className="h-screen relative bg-coquille w-full"
>
  <div
    className="h-screen justify-between px-3 md:px-10 2xl:px-20 md:mx-auto flex flex-col items-center"
  >
    <div
      className=" w-full top-0 text-black bg-coquille"
      id="header"
    >
      <div
        className="w-full flex flex-wrap justify-center md:justify-end h-full py-2 md:py-4"
      >
        <div
          className="w-full flex items-center justify-around md:items-end"
        >
          <a
            className="toggleColour text-gray-700 no-underline hover:no-underline font-bold text-xl lg:text-2xl"
            href="/"
            onClick={[Function]}
            onMouseEnter={[Function]}
          >
            Public Wallet
          </a>
          <button
            className="bg-dirt text-white px-2 py-1 font-bold rounded-full"
            onClick={[Function]}
          >
            Sign In
          </button>
        </div>
      </div>
    </div>
    <div
      className="flex h-full justify-evenly md:justify-between flex-col w-full items-center md:flex-row"
    >
      <div
        className="flex justify-between flex-col w-full md:justify-around items-center text-center md:h-full my-4"
      >
        <div
          className="flex-shrink w-auto md:w-full"
        >
          <h1
            className="mx-auto h-auto"
          >
            <img
              alt="Title:Express Yourself"
              className="w-full"
              draggable="false"
              src="title.svg"
            />
          </h1>
        </div>
        <div
          className="text-center"
        >
          <p
            className="md:block leading-normal text-gray-600 text-2xl md:text-3xl xl:text-3xl "
          >
            <span>
               The quickest way to show
            </span>
            <br />
            <span>
              your NFTs
            </span>
          </p>
        </div>
        <div
          className="invisible w-full md:visible md:w-1/2 lg:w-4/5 my-4"
        >
          <div
            className="text-gray-600"
          >
            <div>
              <form
                className="form w-full "
                id="form"
                onSubmit={[Function]}
              >
                <div
                  className="flex xl:text-xl flex-col lg:flex-row "
                >
                  <input
                    className="email w-full text-center bg-white lg:text-left rounded-t-xl lg:rounded-r-none lg:rounded-l-xl px-2 py-2"
                    id="email"
                    name="entry.217945379"
                    onChange={[Function]}
                    placeholder="Email"
                    required={true}
                    type="email"
                    value=""
                  />
                  <button
                    className="submit md:px-4 2xl:text-xl text-center whitespace-nowrap bg-dirt text-white font-bold rounded-b-xl lg:rounded-l-none lg:rounded-r-xl w-full lg:w-2/5 px-2 py-2"
                    type="submit"
                  >
                    Get Early Access
                  </button>
                </div>
              </form>
            </div>
          </div>
        </div>
      </div>
      <div
        className="flex-shrink w-auto md:w-full min-w-0 min-h-0"
      >
        <img
          alt="Guide showing statue to visitors"
          className="w-full flex-1 min-w-0 min-h-0"
          draggable="false"
          src="museum.svg"
        />
      </div>
    </div>
    <div
      className="md:hidden w-full sm:mx-0 md:w-2/5 lg:w-2/5 my-4"
    >
      <div
        className="text-gray-600"
      >
        <div>
          <form
            className="form w-full "
            id="form"
            onSubmit={[Function]}
          >
            <div
              className="flex xl:text-xl flex-col lg:flex-row "
            >
              <input
                className="email w-full text-center bg-white lg:text-left rounded-t-xl lg:rounded-r-none lg:rounded-l-xl px-2 py-2"
                id="email"
                name="entry.217945379"
                onChange={[Function]}
                placeholder="Email"
                required={true}
                type="email"
                value=""
              />
              <button
                className="submit md:px-4 2xl:text-xl text-center whitespace-nowrap bg-dirt text-white font-bold rounded-b-xl lg:rounded-l-none lg:rounded-r-xl w-full lg:w-2/5 px-2 py-2"
                type="submit"
              >
                Get Early Access
              </button>
            </div>
          </form>
        </div>
      </div>
    </div>
  </div>
</div>
`;
