// Jest Snapshot v1, https://goo.gl/fbAQLP

exports[`CreatorProfileInfos renders correctly 1`] = `
<div>
  <div>
    <div>
      <img
        alt="Avatar"
        src="./icons/icon-192x192.png"
      />
    </div>
    <div>
      TESTER
    </div>
    <div>
      Whatever
    </div>
  </div>
  <div>
    <div
      onClick={[Function]}
    >
      Edit Profile
    </div>
    <div
      onClick={[Function]}
    >
      Edit Nfts
    </div>
    <div>
      <div
        onClick={[Function]}
      >
        Copy link
      </div>
    </div>
  </div>
</div>
`;
