// Jest Snapshot v1, https://goo.gl/fbAQLP

exports[`<CollectionRow /> should display properly 1`] = `
<div
  id="collection_row"
>
  <div
    id="collection_row"
  >
    <div
      id="collection_info"
    >
      <img
        alt="CryptoKitties"
        src="https://lh3.googleusercontent.com/j2tpXbSVHCzhtM2betJkxxlug7Y2i7yC9fyPPiJCTIBqxpU4VxsGk7Osw04lt8TetpSOp2uamKE_Ppy1fC_2cr8"
      />
      <div>
        KITT
      </div>
      <div>
        CryptoKitties
      </div>
    </div>
    <div
      id="preview_graph"
    >
      <div>
        <canvas
          height={150}
          role="img"
          width={300}
        />
        <canvas
          height={150}
          role="img"
          width={300}
        />
      </div>
    </div>
    <div
      id="price_info"
    >
      <div>
        7.8 Ξ
      </div>
      <div>
        NaN꠵ (NaN%)
      </div>
    </div>
  </div>
</div>
`;
