// Jest Snapshot v1, https://goo.gl/fbAQLP

exports[`renders correctly 1`] = `
<div
  id="header"
>
  <div
    id="backButton"
    onClick={[Function]}
  >
    <svg
      fill="none"
      stroke="currentColor"
      viewBox="0 0 24 24"
      xmlns="http://www.w3.org/2000/svg"
    >
      <path
        d="M15 19l-7-7 7-7"
        strokeLinecap="round"
        strokeLinejoin="round"
        strokeWidth="2"
      />
    </svg>
  </div>
  <div>
    Forgot your password
  </div>
</div>
`;
