// Jest Snapshot v1, https://goo.gl/fbAQLP

exports[`renders correctly 1`] = `
<div>
  <div>
    <div>
      <p>
        ●
      </p>
      <p>
        ●
      </p>
      <p>
        ●
      </p>
    </div>
    <div>
      Enter your new password
    </div>
  </div>
  <div>
    <div
      className="MuiInput-root MuiInput-underline MuiInputBase-root MuiInputBase-colorPrimary css-a88p61-MuiInputBase-root-MuiInput-root"
      onClick={[Function]}
      required={true}
    >
      <input
        className="MuiInput-input MuiInputBase-input css-1x51dt5-MuiInputBase-input-MuiInput-input"
        id="password"
        onAnimationStart={[Function]}
        onBlur={[Function]}
        onChange={[Function]}
        onFocus={[Function]}
        placeholder="Password"
        required={true}
        type="password"
      />
    </div>
  </div>
  <div>
    <div
      className="MuiInput-root MuiInput-underline MuiInputBase-root MuiInputBase-colorPrimary css-a88p61-MuiInputBase-root-MuiInput-root"
      onClick={[Function]}
      required={true}
    >
      <input
        className="MuiInput-input MuiInputBase-input css-1x51dt5-MuiInputBase-input-MuiInput-input"
        id="confirmpassword"
        onAnimationStart={[Function]}
        onBlur={[Function]}
        onChange={[Function]}
        onFocus={[Function]}
        placeholder="Confirm Password"
        required={true}
        type="password"
      />
    </div>
  </div>
  <button>
    Set new password
  </button>
</div>
`;
