// Jest Snapshot v1, https://goo.gl/fbAQLP

exports[`<SortButton /> should display properly 1`] = `
<div>
  <button
    aria-haspopup="true"
    className="MuiButton-root MuiButton-text MuiButton-textPrimary MuiButton-sizeSmall MuiButton-textSizeSmall MuiButtonBase-root  css-1hm7njk-MuiButtonBase-root-MuiButton-root"
    disabled={false}
    id="basic-button"
    onBlur={[Function]}
    onClick={[Function]}
    onContextMenu={[Function]}
    onDragLeave={[Function]}
    onFocus={[Function]}
    onKeyDown={[Function]}
    onKeyUp={[Function]}
    onMouseDown={[Function]}
    onMouseLeave={[Function]}
    onMouseUp={[Function]}
    onTouchEnd={[Function]}
    onTouchMove={[Function]}
    onTouchStart={[Function]}
    tabIndex={0}
    type="button"
  >
    <div>
      <svg
        fill="none"
        stroke="currentColor"
        strokeWidth={1.5}
        viewBox="0 0 24 24"
        xmlns="http://www.w3.org/2000/svg"
      >
        <path
          d="M3 4.5h14.25M3 9h9.75M3 13.5h9.75m4.5-4.5v12m0 0l-3.75-3.75M17.25 21L21 17.25"
          strokeLinecap="round"
          strokeLinejoin="round"
        />
      </svg>
      <span>
        SORT
      </span>
    </div>
  </button>
</div>
`;
