// Jest Snapshot v1, https://goo.gl/fbAQLP

exports[`<NFTProperties /> should display properly 1`] = `
<div>
  <div>
    <div>
      mouth
      :
    </div>
    <div>
      soserious
    </div>
    <div>
      214676% have this trait
    </div>
  </div>
  <div>
    <div>
      pattern
      :
    </div>
    <div>
      spangled
    </div>
    <div>
      74400% have this trait
    </div>
  </div>
  <div>
    <div>
      virginity
      :
    </div>
    <div>
      non-virgin
    </div>
    <div>
      980293% have this trait
    </div>
  </div>
  <div>
    <div>
      fur
      :
    </div>
    <div>
      selkirk
    </div>
    <div>
      125552% have this trait
    </div>
  </div>
  <div>
    <div>
      eye_colour
      :
    </div>
    <div>
      sapphire
    </div>
    <div>
      99039% have this trait
    </div>
  </div>
  <div>
    <div>
      accent_colour
      :
    </div>
    <div>
      icy
    </div>
    <div>
      111490% have this trait
    </div>
  </div>
  <div>
    <div>
      highlight_colour
      :
    </div>
    <div>
      coffee
    </div>
    <div>
      175517% have this trait
    </div>
  </div>
  <div>
    <div>
      cooldown_timer
      :
    </div>
    <div>
      Catatonic (1 week)
    </div>
    <div>
      75674% have this trait
    </div>
  </div>
  <div>
    <div>
      eye_shape
      :
    </div>
    <div>
      chronic
    </div>
    <div>
      93145% have this trait
    </div>
  </div>
  <div>
    <div>
      base_colour
      :
    </div>
    <div>
      mauveover
    </div>
    <div>
      146133% have this trait
    </div>
  </div>
  <div>
    <div>
      generation
      :
    </div>
    <div>
      0
    </div>
    <div>
      36557% have this trait
    </div>
  </div>
  <div>
    <div>
      purrstige
      :
    </div>
    <div>
      pu12
    </div>
    <div>
      19237% have this trait
    </div>
  </div>
  <div>
    <div>
      secret
      :
    </div>
    <div>
      se6
    </div>
    <div>
      13121% have this trait
    </div>
  </div>
</div>
`;
