// Jest Snapshot v1, https://goo.gl/fbAQLP

exports[`<MarketCollection /> should display properly 1`] = `
<div
  id="bg"
  onClick={[Function]}
>
  <div>
    <div>
      <div>
        <img
          src=""
        />
        <div>
          
        </div>
        <div>
          
        </div>
      </div>
      <div>
        <div>
          -
        </div>
        <div>
          ETH
        </div>
        <div>
          <span>
            0.00
          </span>
          Ξ (
          <span>
            0.0
          </span>
          %)
        </div>
      </div>
      <div>
        <div>
          <div>
            <canvas
              height={150}
              role="img"
              width={300}
            />
            <canvas
              height={150}
              role="img"
              width={300}
            />
          </div>
        </div>
        <div>
          <div
            onClick={[Function]}
          >
            1W
          </div>
          <div
            onClick={[Function]}
          >
            1M
          </div>
          <div
            onClick={[Function]}
          >
            3M
          </div>
          <div
            onClick={[Function]}
          >
            1Y
          </div>
        </div>
      </div>
      <div />
    </div>
  </div>
</div>
`;
