// Jest Snapshot v1, https://goo.gl/fbAQLP

exports[`<CollectionDetails /> should display properly 1`] = `
<div
  id="bg"
  onClick={[Function]}
>
  <div>
    <div>
      <svg
        aria-hidden={true}
        className="MuiSvgIcon-root MuiSvgIcon-fontSizeMedium css-i4bv87-MuiSvgIcon-root"
        data-testid="CloseIcon"
        focusable="false"
        viewBox="0 0 24 24"
      >
        <path
          d="M19 6.41 17.59 5 12 10.59 6.41 5 5 6.41 10.59 12 5 17.59 6.41 19 12 13.41 17.59 19 19 17.59 13.41 12z"
        />
      </svg>
    </div>
    <div>
      <div>
        <div />
        <div>
          CryptoKitties
        </div>
        <div>
          3
        </div>
      </div>
      <div>
        <div>
          <div
            onClick={[Function]}
          >
            <img
              src="https://lh3.googleusercontent.com/j2tpXbSVHCzhtM2betJkxxlug7Y2i7yC9fyPPiJCTIBqxpU4VxsGk7Osw04lt8TetpSOp2uamKE_Ppy1fC_2cr8"
            />
          </div>
          <div>
            Savannah R1-R3, Sly R1
          </div>
        </div>
        <div>
          <div
            onClick={[Function]}
          >
            <img
              src="https://lh3.googleusercontent.com/lklxKijfeWuWTqU9ONM4U8T7vUXn2wuZYurL6kw-z2MfV82xzWVGzss0DzOTD_4QD2c0r3RQi8ibuK0egAN0Vzyw8w"
            />
          </div>
          <div>
            Couple 69 2/2
          </div>
        </div>
        <div>
          <div
            onClick={[Function]}
          >
            <img
              src="https://lh3.googleusercontent.com/kPUtxNggeG8gMYaEjGMpRZACIGqR3IF3texGniVTI7lBxk8vz3m3LUM6bENWq1tlHjtKoYjqeGB1Y3yn-Im0sPBR7Sm7Rczxr0zYdw"
            />
          </div>
          <div>
            Cyborg+Springcrocus; Caffeine
          </div>
        </div>
      </div>
    </div>
  </div>
</div>
`;
