// Jest Snapshot v1, https://goo.gl/fbAQLP

exports[`renders correctly 1`] = `
<div>
  <div>
    <div>
      <div>
        PublicWallet
      </div>
      <div>
        <div
          onClick={[Function]}
        >
          SIGN IN
        </div>
      </div>
    </div>
  </div>
  <div>
    <div>
      <div>
        <img
          src="/images/pw4.png"
        />
      </div>
      <div>
        EASIEST WAY TO
      </div>
      <div>
        TRACK YOUR NFTS
      </div>
      <div>
        <div
          onClick={[Function]}
        >
          TRY NOW
        </div>
      </div>
    </div>
    <div>
      <img
        src="/images/wallet_iphone.png"
      />
    </div>
  </div>
  <div>
    <div>
      <img
        src="/images/market_iphone.png"
      />
    </div>
    <div>
      <div>
        WAKE UP AND CHECK YOUR
      </div>
      <div>
        NETWORTH
      </div>
      <div>
        IN A MATTER OF SECONDS
      </div>
    </div>
  </div>
  <div>
    <div>
      <div>
        SHARE THE ART YOU
      </div>
      <div>
        LOVE
      </div>
      <div>
        WITH THE ONES WHO
      </div>
      <div>
        MATTER MOST
      </div>
    </div>
    <div>
      <img
        src="/images/wallet_iphone.png"
      />
    </div>
  </div>
  <div>
    All Rights Reserved
  </div>
</div>
`;
