// Jest Snapshot v1, https://goo.gl/fbAQLP

exports[`renders correctly 1`] = `
<div>
  <div>
    <div>
      <div
        id="header"
      >
        <div>
          <div>
            <a
              href="/"
              onClick={[Function]}
              onMouseEnter={[Function]}
            >
              Public Wallet
            </a>
            <button
              onClick={[Function]}
            >
              Sign In
            </button>
          </div>
        </div>
      </div>
    </div>
    <div>
      <div>
        <div>
          <h1>
            Public Wallet
          </h1>
        </div>
        <div>
          <h3>
            THE EASIEST WAY TO
          </h3>
          <h3>
            SHOW YOUR NFTS
          </h3>
        </div>
        <div>
          <button
            onClick={[Function]}
          >
            TRY IT NOW!
          </button>
        </div>
      </div>
    </div>
    <div>
      <div>
        <div>
          <img
            src="/images/walletViewerLandingPage.png"
          />
        </div>
        <div>
          <img
            src="/images/marketOverviewLandingPage.png"
          />
        </div>
      </div>
    </div>
  </div>
  <div>
    <hr />
  </div>
  <div>
    <div>
      <div>
        Cross plateform
        <br />
        wallet viewer to
        <br />
        show your NFTs
      </div>
    </div>
    <div>
      <div>
        Market overview of
        <br />
        your faverite
        <br />
        collections
      </div>
    </div>
    <div>
      <div>
        A unique link to
        <br />
        share your NFTs
        <br />
        with others
      </div>
    </div>
  </div>
</div>
`;
