// Jest Snapshot v1, https://goo.gl/fbAQLP

exports[`renders correctly 1`] = `
<div>
  <div>
    <div>
      <p>
        ●
      </p>
      <p>
        ●
      </p>
      <p>
        ●
      </p>
    </div>
    <div>
      A 6 digit pin number was sent to your email or phone number
    </div>
  </div>
  <div>
    <div
      className="MuiInputBase-root MuiInput-root MuiInput-underline MuiInputBase-colorPrimary css-1tcs2i1-MuiInputBase-root-MuiInput-root"
      onClick={[Function]}
      required={true}
    >
      <input
        className="MuiInputBase-input MuiInput-input css-1x51dt5-MuiInputBase-input-MuiInput-input"
        id="PINNumber"
        onAnimationStart={[Function]}
        onBlur={[Function]}
        onChange={[Function]}
        onFocus={[Function]}
        placeholder="Enter 6 digit PIN number"
        required={true}
        type="pinnumber"
      />
    </div>
  </div>
  <button
    onClick={[Function]}
  >
    Validate
  </button>
</div>
`;
