// Jest Snapshot v1, https://goo.gl/fbAQLP

exports[`CreatorHeader renders correctly 1`] = `
<div>
  <a
    onClick={[Function]}
    target="_blank"
  >
    <img
      src="/icons/back_icon.png"
    />
  </a>
  <div>
    
  </div>
  <div
    onClick={[Function]}
  >
    <img
      src="/icons/settings_icon.png"
    />
  </div>
</div>
`;
