// Jest Snapshot v1, https://goo.gl/fbAQLP

exports[`<CollectionBlock /> should render correctly 1`] = `
<div>
  <div>
    <div>
      <div>
        <div>
          <div>
            <div>
              <img
                alt="Listen up! Savannah R1-R3, Sly R1 here. I'm here to enjoy licking doorknobs and kickboxing. When my owner isn't watching, I steal their mom jeans and hoard them in my litter box. I'm not sorry. Let's pawty!"
                src="https://lh3.googleusercontent.com/j2tpXbSVHCzhtM2betJkxxlug7Y2i7yC9fyPPiJCTIBqxpU4VxsGk7Osw04lt8TetpSOp2uamKE_Ppy1fC_2cr8"
              />
            </div>
          </div>
          <div>
            <div>
              <img
                alt="G'day. My name is Couple 69 2/2. My favourite colour is green. I like to tell stories, which are often either lawful or vivacious. Are you a magician? Because whenever I look at you, everyone else disappears!"
                src="https://lh3.googleusercontent.com/lklxKijfeWuWTqU9ONM4U8T7vUXn2wuZYurL6kw-z2MfV82xzWVGzss0DzOTD_4QD2c0r3RQi8ibuK0egAN0Vzyw8w"
              />
            </div>
          </div>
          <div>
            <div>
              <img
                alt="G'day. I am Cyborg+Springcrocus; Caffeine. I'm glad you've come. I can safely say that salsa is the greatest thing since sliced bread. Don't even try to convince me otherwise. I can't imagine being with any other breeder now that I've met you!"
                src="https://lh3.googleusercontent.com/kPUtxNggeG8gMYaEjGMpRZACIGqR3IF3texGniVTI7lBxk8vz3m3LUM6bENWq1tlHjtKoYjqeGB1Y3yn-Im0sPBR7Sm7Rczxr0zYdw"
              />
            </div>
          </div>
          <div>
            <div>
              <div>
                <div>
                  <img
                    alt=""
                    src="data:image/gif;base64,R0lGODlhAQABAAD/ACwAAAAAAQABAAACADs="
                  />
                </div>
              </div>
              <div>
                <div>
                  <img
                    alt=""
                    src="data:image/gif;base64,R0lGODlhAQABAAD/ACwAAAAAAQABAAACADs="
                  />
                </div>
              </div>
              <div>
                <div>
                  <img
                    alt=""
                    src="data:image/gif;base64,R0lGODlhAQABAAD/ACwAAAAAAQABAAACADs="
                  />
                </div>
              </div>
              <div>
                <div>
                  <img
                    alt=""
                    src="data:image/gif;base64,R0lGODlhAQABAAD/ACwAAAAAAQABAAACADs="
                  />
                </div>
              </div>
            </div>
          </div>
        </div>
      </div>
    </div>
    <div>
      CryptoKitties
    </div>
  </div>
</div>
`;
